    Addr      Off     Size Out     In      Symbol
       -        8       c2 TYPE
       -       ca      2cd IMPORT
       -      397      123 FUNCTION
       -      4ba        7 TABLE
       -      4c1       41 GLOBAL
       0        0        0         __stack_pointer
       1        0        0         __tls_base
       2        0        0         __tls_size
       3        0        0         __tls_align
       4        0        0         g_needs_dynamic_alloc
       5        0        0         thread_ptr
       6        0        0         is_main_thread
       7        0        0         is_runtime_thread
       8        0        0         supports_wait
       9        0        0         __stack_end
       a        0        0         __stack_base
       -      502      230 EXPORT
       -      732        3 START
       -      735       30 ELEM
       -      765        3 DATACOUNT
       -      768     b2c0 CODE
       -      76a        b         <internal>:(__wasm_call_ctors)
       -      775       11         <internal>:(__wasm_init_tls)
       -      786       7f         <internal>:(__wasm_init_memory)
       -      805      415         ./obj_dedicated_main_linux32/release/main.o:(__main_argc_argv)
       -      805      415                 main
       -      c1a      1bb         ./obj_dedicated_main_linux32/release/main.o:(_ZL22WaitForDebuggerConnectiPPci)
       -      c1a      1bb                 WaitForDebuggerConnect(int, char**, int)
       -      dd5       5e         ./obj_dedicated_main_linux32/release/main.o:(_Z6strstrB8ne190106Ua9enable_ifILb1EEPcPKc)
       -      dd5       5e                 strstr[abi:ne190106](char*, char const*) [enable_if:true]
       -      e33      305         ./obj_dedicated_main_linux32/release/main.o:(_ZL17IsDebuggerPresenti)
       -      e33      305                 IsDebuggerPresent(int)
       -     1138       7b         /home/guest/Documents/emsdk/upstream/emscripten/cache/sysroot/lib/wasm32-emscripten/crtbegin.o:(_emscripten_tls_init)
       -     1138       7b                 _emscripten_tls_init
       -     11b3       13         /home/guest/Documents/emsdk/upstream/emscripten/cache/sysroot/lib/wasm32-emscripten/libstubs-debug.a(emscripten_libc_stubs.o):(__dlsym)
       -     11b3       13                 __dlsym
       -     11c6       13         /home/guest/Documents/emsdk/upstream/emscripten/cache/sysroot/lib/wasm32-emscripten/libstubs-debug.a(emscripten_libc_stubs.o):(dlopen)
       -     11c6       13                 dlopen
       -     11d9       10         /home/guest/Documents/emsdk/upstream/emscripten/cache/sysroot/lib/wasm32-emscripten/libc-mt-debug.a(__errno_location.o):(__errno_location)
       -     11d9       10                 __errno_location
       -     11d9       10                 ___errno_location
       -     11e9       94         /home/guest/Documents/emsdk/upstream/emscripten/cache/sysroot/lib/wasm32-emscripten/libc-mt-debug.a(atoi.o):(atoi)
       -     11e9       94                 atoi
       -     127d       11         /home/guest/Documents/emsdk/upstream/emscripten/cache/sysroot/lib/wasm32-emscripten/libc-mt-debug.a(atoi.o):(__isspace)
       -     127d       11                 __isspace
       -     128e        5         /home/guest/Documents/emsdk/upstream/emscripten/cache/sysroot/lib/wasm32-emscripten/libc-mt-debug.a(close.o):(dummy)
       -     128e        5                 dummy
       -     128e        5                 __aio_close
       -     1293       21         /home/guest/Documents/emsdk/upstream/emscripten/cache/sysroot/lib/wasm32-emscripten/libc-mt-debug.a(close.o):(close)
       -     1293       21                 close
       -     12b4        b         /home/guest/Documents/emsdk/upstream/emscripten/cache/sysroot/lib/wasm32-emscripten/libc-mt-debug.a(dlclose.o):(dlclose)
       -     12b4        b                 dlclose
       -     12bf       41         /home/guest/Documents/emsdk/upstream/emscripten/cache/sysroot/lib/wasm32-emscripten/libc-mt-debug.a(dlerror.o):(dlerror)
       -     12bf       41                 dlerror
       -     1300       1b         /home/guest/Documents/emsdk/upstream/emscripten/cache/sysroot/lib/wasm32-emscripten/libc-mt-debug.a(dlerror.o):(a_cas_p)
       -     1300       1b                 a_cas_p
       -     131b       e9         /home/guest/Documents/emsdk/upstream/emscripten/cache/sysroot/lib/wasm32-emscripten/libc-mt-debug.a(dlerror.o):(__dl_vseterr)
       -     131b       e9                 __dl_vseterr
       -     1404       32         /home/guest/Documents/emsdk/upstream/emscripten/cache/sysroot/lib/wasm32-emscripten/libc-mt-debug.a(dlerror.o):(__dl_seterr)
       -     1404       32                 __dl_seterr
       -     1436       38         /home/guest/Documents/emsdk/upstream/emscripten/cache/sysroot/lib/wasm32-emscripten/libc-mt-debug.a(dlerror.o):(stub_invalid_handle)
       -     1436       38                 stub_invalid_handle
       -     1436       38                 __dl_invalid_handle
       -     146e        f         /home/guest/Documents/emsdk/upstream/emscripten/cache/sysroot/lib/wasm32-emscripten/libc-mt-debug.a(dlsym.o):(dlsym)
       -     146e        f                 dlsym
       -     147d        9         /home/guest/Documents/emsdk/upstream/emscripten/cache/sysroot/lib/wasm32-emscripten/libc-mt-debug.a(emscripten_thread_state.o):(__get_tp)
       -     147d        9                 __get_tp
       -     1486       23         /home/guest/Documents/emsdk/upstream/emscripten/cache/sysroot/lib/wasm32-emscripten/libc-mt-debug.a(emscripten_thread_state.o):(__set_thread_state)
       -     1486       23                 __set_thread_state
       -     14a9        9         /home/guest/Documents/emsdk/upstream/emscripten/cache/sysroot/lib/wasm32-emscripten/libc-mt-debug.a(emscripten_thread_state.o):(emscripten_is_main_runtime_thread)
       -     14a9        9                 emscripten_is_main_runtime_thread
       -     14b2        9         /home/guest/Documents/emsdk/upstream/emscripten/cache/sysroot/lib/wasm32-emscripten/libc-mt-debug.a(emscripten_thread_state.o):(emscripten_is_main_browser_thread)
       -     14b2        9                 emscripten_is_main_browser_thread
       -     14bb        9         /home/guest/Documents/emsdk/upstream/emscripten/cache/sysroot/lib/wasm32-emscripten/libc-mt-debug.a(emscripten_thread_state.o):(_emscripten_thread_supports_atomics_wait)
       -     14bb        9                 _emscripten_thread_supports_atomics_wait
       -     14c4       b5         /home/guest/Documents/emsdk/upstream/emscripten/cache/sysroot/lib/wasm32-emscripten/libc-mt-debug.a(getcwd.o):(getcwd)
       -     14c4       b5                 getcwd
       -     1579       9c         /home/guest/Documents/emsdk/upstream/emscripten/cache/sysroot/lib/wasm32-emscripten/libc-mt-debug.a(__environ.o):(__emscripten_environ_constructor)
       -     1579       9c                 __emscripten_environ_constructor
       -     1615       91         /home/guest/Documents/emsdk/upstream/emscripten/cache/sysroot/lib/wasm32-emscripten/libc-mt-debug.a(getenv.o):(getenv)
       -     1615       91                 getenv
       -     16a6        5         /home/guest/Documents/emsdk/upstream/emscripten/cache/sysroot/lib/wasm32-emscripten/libstubs-debug.a(emscripten_syscall_stubs.o):(__syscall_getpid)
       -     16a6        5                 __syscall_getpid
       -     16ab        9         /home/guest/Documents/emsdk/upstream/emscripten/cache/sysroot/lib/wasm32-emscripten/libc-mt-debug.a(getpid.o):(getpid)
       -     16ab        9                 getpid
       -     16b4       3c         /home/guest/Documents/emsdk/upstream/emscripten/cache/sysroot/lib/wasm32-emscripten/libc-mt-debug.a(printf.o):(printf)
       -     16b4       3c                 printf
       -     16f0        9         /home/guest/Documents/emsdk/upstream/emscripten/cache/sysroot/lib/wasm32-emscripten/libc-mt-debug.a(pthread_self.o):(__pthread_self_internal)
       -     16f0        9                 __pthread_self_internal
       -     16f0        9                 pthread_self
       -     16f0        9                 thrd_current
       -     16f9       14         /home/guest/Documents/emsdk/upstream/emscripten/cache/sysroot/lib/wasm32-emscripten/libc-mt-debug.a(emscripten_memcpy_bulkmem.o):(_emscripten_memcpy_bulkmem)
       -     16f9       14                 _emscripten_memcpy_bulkmem
       -     170d      213         /home/guest/Documents/emsdk/upstream/emscripten/cache/sysroot/lib/wasm32-emscripten/libc-mt-debug.a(emscripten_memcpy.o):(__memcpy)
       -     170d      213                 __memcpy
       -     170d      213                 emscripten_builtin_memcpy
       -     170d      213                 memcpy
       -     1920        3         /home/guest/Documents/emsdk/upstream/emscripten/cache/sysroot/lib/wasm32-emscripten/libc-mt-debug.a(putenv.o):(dummy)
       -     1920        3                 dummy
       -     1920        3                 __env_rm_add
       -     1923      155         /home/guest/Documents/emsdk/upstream/emscripten/cache/sysroot/lib/wasm32-emscripten/libc-mt-debug.a(putenv.o):(__putenv)
       -     1923      155                 __putenv
       -     1a78       40         /home/guest/Documents/emsdk/upstream/emscripten/cache/sysroot/lib/wasm32-emscripten/libc-mt-debug.a(putenv.o):(putenv)
       -     1a78       40                 putenv
       -     1ab8       59         /home/guest/Documents/emsdk/upstream/emscripten/cache/sysroot/lib/wasm32-emscripten/libc-mt-debug.a(read.o):(read)
       -     1ab8       59                 read
       -     1b11       8e         /home/guest/Documents/emsdk/upstream/emscripten/cache/sysroot/lib/wasm32-emscripten/libc-mt-debug.a(clock_gettime.o):(__clock_gettime)
       -     1b11       8e                 __clock_gettime
       -     1b11       8e                 clock_gettime
       -     1b9f        9         /home/guest/Documents/emsdk/upstream/emscripten/cache/sysroot/lib/wasm32-emscripten/libc-mt-debug.a(pthread_testcancel.o):(__pthread_testcancel)
       -     1b9f        9                 __pthread_testcancel
       -     1b9f        9                 pthread_testcancel
       -     1ba8        3         /home/guest/Documents/emsdk/upstream/emscripten/cache/sysroot/lib/wasm32-emscripten/libc-mt-debug.a(pthread_testcancel.o):(__testcancel)
       -     1ba8        3                 __testcancel
       -     1ba8        3                 dummy
       -     1bab       13         /home/guest/Documents/emsdk/upstream/emscripten/cache/sysroot/lib/wasm32-emscripten/libc-mt-debug.a(emscripten_yield.o):(_emscripten_thread_crashed)
       -     1bab       13                 _emscripten_thread_crashed
       -     1bbe        3         /home/guest/Documents/emsdk/upstream/emscripten/cache/sysroot/lib/wasm32-emscripten/libc-mt-debug.a(emscripten_yield.o):(dummy)
       -     1bbe        3                 dummy
       -     1bbe        3                 _emscripten_check_timers
       -     1bc1       44         /home/guest/Documents/emsdk/upstream/emscripten/cache/sysroot/lib/wasm32-emscripten/libc-mt-debug.a(emscripten_yield.o):(_emscripten_yield)
       -     1bc1       44                 _emscripten_yield
       -     1c05       c9         /home/guest/Documents/emsdk/upstream/emscripten/cache/sysroot/lib/wasm32-emscripten/libc-mt-debug.a(emscripten_futex_wake.o):(emscripten_futex_wake)
       -     1c05       c9                 emscripten_futex_wake
       -     1cce       1d         /home/guest/Documents/emsdk/upstream/emscripten/cache/sysroot/lib/wasm32-emscripten/libc-mt-debug.a(emscripten_futex_wake.o):(a_cas_p)
       -     1cce       1d                 a_cas_p
       -     1ceb       c8         /home/guest/Documents/emsdk/upstream/emscripten/cache/sysroot/lib/wasm32-emscripten/libc-mt-debug.a(emscripten_futex_wait.o):(emscripten_futex_wait)
       -     1ceb       c8                 emscripten_futex_wait
       -     1db3      12a         /home/guest/Documents/emsdk/upstream/emscripten/cache/sysroot/lib/wasm32-emscripten/libc-mt-debug.a(emscripten_futex_wait.o):(futex_wait_main_browser_thread)
       -     1db3      12a                 futex_wait_main_browser_thread
       -     1edd       1b         /home/guest/Documents/emsdk/upstream/emscripten/cache/sysroot/lib/wasm32-emscripten/libc-mt-debug.a(emscripten_futex_wait.o):(a_cas_p)
       -     1edd       1b                 a_cas_p
       -     1ef8       e4         /home/guest/Documents/emsdk/upstream/emscripten/cache/sysroot/lib/wasm32-emscripten/libc-mt-debug.a(__wait.o):(__wait)
       -     1ef8       e4                 __wait
       -     1fdc        c         /home/guest/Documents/emsdk/upstream/emscripten/cache/sysroot/lib/wasm32-emscripten/libc-mt-debug.a(__wait.o):(a_inc)
       -     1fdc        c                 a_inc
       -     1fe8        c         /home/guest/Documents/emsdk/upstream/emscripten/cache/sysroot/lib/wasm32-emscripten/libc-mt-debug.a(__wait.o):(a_dec)
       -     1fe8        c                 a_dec
       -     1ff4       3c         /home/guest/Documents/emsdk/upstream/emscripten/cache/sysroot/lib/wasm32-emscripten/libc-mt-debug.a(vmlock.o):(__vm_wait)
       -     1ff4       3c                 __vm_wait
       -     2030        9         /home/guest/Documents/emsdk/upstream/emscripten/cache/sysroot/lib/wasm32-emscripten/libc-mt-debug.a(vmlock.o):(__vm_lock)
       -     2030        9                 __vm_lock
       -     2039       10         /home/guest/Documents/emsdk/upstream/emscripten/cache/sysroot/lib/wasm32-emscripten/libc-mt-debug.a(vmlock.o):(a_inc)
       -     2039       10                 a_inc
       -     2049       23         /home/guest/Documents/emsdk/upstream/emscripten/cache/sysroot/lib/wasm32-emscripten/libc-mt-debug.a(vmlock.o):(__vm_unlock)
       -     2049       23                 __vm_unlock
       -     206c        f         /home/guest/Documents/emsdk/upstream/emscripten/cache/sysroot/lib/wasm32-emscripten/libc-mt-debug.a(vmlock.o):(a_fetch_add)
       -     206c        f                 a_fetch_add
       -     207b       16         /home/guest/Documents/emsdk/upstream/emscripten/cache/sysroot/lib/wasm32-emscripten/libc-mt-debug.a(vmlock.o):(__wake)
       -     207b       16                 __wake
       -     2091       19         /home/guest/Documents/emsdk/upstream/emscripten/cache/sysroot/lib/wasm32-emscripten/libc-mt-debug.a(pthread_mutex_destroy.o):(pthread_mutex_destroy)
       -     2091       19                 pthread_mutex_destroy
       -     20aa      184         /home/guest/Documents/emsdk/upstream/emscripten/cache/sysroot/lib/wasm32-emscripten/libc-mt-debug.a(pthread_mutex_trylock.o):(__pthread_mutex_trylock_owner)
       -     20aa      184                 __pthread_mutex_trylock_owner
       -     222e        d         /home/guest/Documents/emsdk/upstream/emscripten/cache/sysroot/lib/wasm32-emscripten/libc-mt-debug.a(pthread_mutex_trylock.o):(a_cas)
       -     222e        d                 a_cas
       -     223b       2b         /home/guest/Documents/emsdk/upstream/emscripten/cache/sysroot/lib/wasm32-emscripten/libc-mt-debug.a(pthread_mutex_trylock.o):(__pthread_mutex_trylock)
       -     223b       2b                 __pthread_mutex_trylock
       -     223b       2b                 pthread_mutex_trylock
       -     2266       3a         /home/guest/Documents/emsdk/upstream/emscripten/cache/sysroot/lib/wasm32-emscripten/libc-mt-debug.a(pthread_setcancelstate.o):(__pthread_setcancelstate)
       -     2266       3a                 __pthread_setcancelstate
       -     2266       3a                 pthread_setcancelstate
       -     22a0      1bd         /home/guest/Documents/emsdk/upstream/emscripten/cache/sysroot/lib/wasm32-emscripten/libc-mt-debug.a(__timedwait.o):(__timedwait_cp)
       -     22a0      1bd                 __timedwait_cp
       -     245d       65         /home/guest/Documents/emsdk/upstream/emscripten/cache/sysroot/lib/wasm32-emscripten/libc-mt-debug.a(__timedwait.o):(__timedwait)
       -     245d       65                 __timedwait
       -     24c2      137         /home/guest/Documents/emsdk/upstream/emscripten/cache/sysroot/lib/wasm32-emscripten/libc-mt-debug.a(pthread_mutex_timedlock.o):(__pthread_mutex_timedlock)
       -     24c2      137                 __pthread_mutex_timedlock
       -     24c2      137                 pthread_mutex_timedlock
       -     25f9        d         /home/guest/Documents/emsdk/upstream/emscripten/cache/sysroot/lib/wasm32-emscripten/libc-mt-debug.a(pthread_mutex_timedlock.o):(a_cas)
       -     25f9        d                 a_cas
       -     2606        c         /home/guest/Documents/emsdk/upstream/emscripten/cache/sysroot/lib/wasm32-emscripten/libc-mt-debug.a(pthread_mutex_timedlock.o):(a_inc)
       -     2606        c                 a_inc
       -     2612        c         /home/guest/Documents/emsdk/upstream/emscripten/cache/sysroot/lib/wasm32-emscripten/libc-mt-debug.a(pthread_mutex_timedlock.o):(a_dec)
       -     2612        c                 a_dec
       -     261e       2a         /home/guest/Documents/emsdk/upstream/emscripten/cache/sysroot/lib/wasm32-emscripten/libc-mt-debug.a(pthread_mutex_lock.o):(__pthread_mutex_lock)
       -     261e       2a                 __pthread_mutex_lock
       -     261e       2a                 pthread_mutex_lock
       -     2648        d         /home/guest/Documents/emsdk/upstream/emscripten/cache/sysroot/lib/wasm32-emscripten/libc-mt-debug.a(pthread_mutex_lock.o):(a_cas)
       -     2648        d                 a_cas
       -     2655      120         /home/guest/Documents/emsdk/upstream/emscripten/cache/sysroot/lib/wasm32-emscripten/libc-mt-debug.a(pthread_mutex_unlock.o):(__pthread_mutex_unlock)
       -     2655      120                 __pthread_mutex_unlock
       -     2655      120                 pthread_mutex_unlock
       -     2775        b         /home/guest/Documents/emsdk/upstream/emscripten/cache/sysroot/lib/wasm32-emscripten/libc-mt-debug.a(pthread_mutex_unlock.o):(a_swap)
       -     2775        b                 a_swap
       -     2780        e         /home/guest/Documents/emsdk/upstream/emscripten/cache/sysroot/lib/wasm32-emscripten/libc-mt-debug.a(pthread_mutex_unlock.o):(__wake)
       -     2780        e                 __wake
       -     278e      13b         /home/guest/Documents/emsdk/upstream/emscripten/cache/sysroot/lib/wasm32-emscripten/libc-mt-debug.a(em_task_queue.o):(em_task_queue_create)
       -     278e      13b                 em_task_queue_create
       -     28c9       7e         /home/guest/Documents/emsdk/upstream/emscripten/cache/sysroot/lib/wasm32-emscripten/libc-mt-debug.a(em_task_queue.o):(cull_zombies)
       -     28c9       7e                 cull_zombies
       -     2947       8e         /home/guest/Documents/emsdk/upstream/emscripten/cache/sysroot/lib/wasm32-emscripten/libc-mt-debug.a(em_task_queue.o):(em_task_queue_destroy)
       -     2947       8e                 em_task_queue_destroy
       -     29d5       22         /home/guest/Documents/emsdk/upstream/emscripten/cache/sysroot/lib/wasm32-emscripten/libc-mt-debug.a(em_task_queue.o):(em_task_queue_free)
       -     29d5       22                 em_task_queue_free
       -     29f7       96         /home/guest/Documents/emsdk/upstream/emscripten/cache/sysroot/lib/wasm32-emscripten/libc-mt-debug.a(em_task_queue.o):(em_task_queue_execute)
       -     29f7       96                 em_task_queue_execute
       -     2a8d        e         /home/guest/Documents/emsdk/upstream/emscripten/cache/sysroot/lib/wasm32-emscripten/libc-mt-debug.a(em_task_queue.o):(em_task_queue_is_empty)
       -     2a8d        e                 em_task_queue_is_empty
       -     2a9b       3f         /home/guest/Documents/emsdk/upstream/emscripten/cache/sysroot/lib/wasm32-emscripten/libc-mt-debug.a(em_task_queue.o):(em_task_queue_dequeue)
       -     2a9b       3f                 em_task_queue_dequeue
       -     2ada       88         /home/guest/Documents/emsdk/upstream/emscripten/cache/sysroot/lib/wasm32-emscripten/libc-mt-debug.a(em_task_queue.o):(em_task_queue_cancel)
       -     2ada       88                 em_task_queue_cancel
       -     2b62       5d         /home/guest/Documents/emsdk/upstream/emscripten/cache/sysroot/lib/wasm32-emscripten/libc-mt-debug.a(em_task_queue.o):(em_task_queue_enqueue)
       -     2b62       5d                 em_task_queue_enqueue
       -     2bbf       17         /home/guest/Documents/emsdk/upstream/emscripten/cache/sysroot/lib/wasm32-emscripten/libc-mt-debug.a(em_task_queue.o):(em_task_queue_is_full)
       -     2bbf       17                 em_task_queue_is_full
       -     2bd6       c7         /home/guest/Documents/emsdk/upstream/emscripten/cache/sysroot/lib/wasm32-emscripten/libc-mt-debug.a(em_task_queue.o):(em_task_queue_grow)
       -     2bd6       c7                 em_task_queue_grow
       -     2c9d      109         /home/guest/Documents/emsdk/upstream/emscripten/cache/sysroot/lib/wasm32-emscripten/libc-mt-debug.a(em_task_queue.o):(em_task_queue_send)
       -     2c9d      109                 em_task_queue_send
       -     2da6        b         /home/guest/Documents/emsdk/upstream/emscripten/cache/sysroot/lib/wasm32-emscripten/libc-mt-debug.a(em_task_queue.o):(cancel_notification)
       -     2da6        b                 cancel_notification
       -     2db1       1e         /home/guest/Documents/emsdk/upstream/emscripten/cache/sysroot/lib/wasm32-emscripten/libc-mt-debug.a(em_task_queue.o):(receive_notification)
       -     2db1       1e                 receive_notification
       -     2dcf      3a7         /home/guest/Documents/emsdk/upstream/emscripten/cache/sysroot/lib/wasm32-emscripten/libc-mt-debug.a(pthread_cond_timedwait.o):(__pthread_cond_timedwait)
       -     2dcf      3a7                 __pthread_cond_timedwait
       -     2dcf      3a7                 pthread_cond_timedwait
       -     3176        c         /home/guest/Documents/emsdk/upstream/emscripten/cache/sysroot/lib/wasm32-emscripten/libc-mt-debug.a(pthread_cond_timedwait.o):(a_inc)
       -     3176        c                 a_inc
       -     3182       41         /home/guest/Documents/emsdk/upstream/emscripten/cache/sysroot/lib/wasm32-emscripten/libc-mt-debug.a(pthread_cond_timedwait.o):(lock)
       -     3182       41                 lock
       -     31c3       1b         /home/guest/Documents/emsdk/upstream/emscripten/cache/sysroot/lib/wasm32-emscripten/libc-mt-debug.a(pthread_cond_timedwait.o):(unlock)
       -     31c3       1b                 unlock
       -     31de        b         /home/guest/Documents/emsdk/upstream/emscripten/cache/sysroot/lib/wasm32-emscripten/libc-mt-debug.a(pthread_cond_timedwait.o):(a_fetch_add)
       -     31de        b                 a_fetch_add
       -     31e9        d         /home/guest/Documents/emsdk/upstream/emscripten/cache/sysroot/lib/wasm32-emscripten/libc-mt-debug.a(pthread_cond_timedwait.o):(a_cas)
       -     31e9        d                 a_cas
       -     31f6       1a         /home/guest/Documents/emsdk/upstream/emscripten/cache/sysroot/lib/wasm32-emscripten/libc-mt-debug.a(pthread_cond_timedwait.o):(unlock_requeue)
       -     31f6       1a                 unlock_requeue
       -     3210        c         /home/guest/Documents/emsdk/upstream/emscripten/cache/sysroot/lib/wasm32-emscripten/libc-mt-debug.a(pthread_cond_timedwait.o):(a_dec)
       -     3210        c                 a_dec
       -     321c        e         /home/guest/Documents/emsdk/upstream/emscripten/cache/sysroot/lib/wasm32-emscripten/libc-mt-debug.a(pthread_cond_timedwait.o):(__wake)
       -     321c        e                 __wake
       -     322a        b         /home/guest/Documents/emsdk/upstream/emscripten/cache/sysroot/lib/wasm32-emscripten/libc-mt-debug.a(pthread_cond_timedwait.o):(a_swap)
       -     322a        b                 a_swap
       -     3235        b         /home/guest/Documents/emsdk/upstream/emscripten/cache/sysroot/lib/wasm32-emscripten/libc-mt-debug.a(pthread_cond_timedwait.o):(a_store)
       -     3235        b                 a_store
       -     3240      129         /home/guest/Documents/emsdk/upstream/emscripten/cache/sysroot/lib/wasm32-emscripten/libc-mt-debug.a(pthread_cond_timedwait.o):(__private_cond_signal)
       -     3240      129                 __private_cond_signal
       -     3369       3a         /home/guest/Documents/emsdk/upstream/emscripten/cache/sysroot/lib/wasm32-emscripten/libc-mt-debug.a(pthread_cond_signal.o):(pthread_cond_signal)
       -     3369       3a                 pthread_cond_signal
       -     33a3        c         /home/guest/Documents/emsdk/upstream/emscripten/cache/sysroot/lib/wasm32-emscripten/libc-mt-debug.a(pthread_cond_signal.o):(a_inc)
       -     33a3        c                 a_inc
       -     33af        e         /home/guest/Documents/emsdk/upstream/emscripten/cache/sysroot/lib/wasm32-emscripten/libc-mt-debug.a(pthread_cond_signal.o):(__wake)
       -     33af        e                 __wake
       -     33bd       39         /home/guest/Documents/emsdk/upstream/emscripten/cache/sysroot/lib/wasm32-emscripten/libc-mt-debug.a(pthread_setspecific.o):(pthread_setspecific)
       -     33bd       39                 pthread_setspecific
       -     33f6       15         /home/guest/Documents/emsdk/upstream/emscripten/cache/sysroot/lib/wasm32-emscripten/libc-mt-debug.a(pthread_getspecific.o):(__pthread_getspecific)
       -     33f6       15                 __pthread_getspecific
       -     33f6       15                 pthread_getspecific
       -     33f6       15                 tss_get
       -     340b        f         /home/guest/Documents/emsdk/upstream/emscripten/cache/sysroot/lib/wasm32-emscripten/libc-mt-debug.a(pthread_cond_wait.o):(pthread_cond_wait)
       -     340b        f                 pthread_cond_wait
       -     341a       19         /home/guest/Documents/emsdk/upstream/emscripten/cache/sysroot/lib/wasm32-emscripten/libc-mt-debug.a(pthread_cleanup_push.o):(_pthread_cleanup_push)
       -     341a       19                 _pthread_cleanup_push
       -     3433       28         /home/guest/Documents/emsdk/upstream/emscripten/cache/sysroot/lib/wasm32-emscripten/libc-mt-debug.a(pthread_cleanup_push.o):(_pthread_cleanup_pop)
       -     3433       28                 _pthread_cleanup_pop
       -     345b       a8         /home/guest/Documents/emsdk/upstream/emscripten/cache/sysroot/lib/wasm32-emscripten/libc-mt-debug.a(pthread_once.o):(__pthread_once_full)
       -     345b       a8                 __pthread_once_full
       -     3503        d         /home/guest/Documents/emsdk/upstream/emscripten/cache/sysroot/lib/wasm32-emscripten/libc-mt-debug.a(pthread_once.o):(a_cas)
       -     3503        d                 a_cas
       -     3510       1d         /home/guest/Documents/emsdk/upstream/emscripten/cache/sysroot/lib/wasm32-emscripten/libc-mt-debug.a(pthread_once.o):(undo)
       -     3510       1d                 undo
       -     352d        b         /home/guest/Documents/emsdk/upstream/emscripten/cache/sysroot/lib/wasm32-emscripten/libc-mt-debug.a(pthread_once.o):(a_swap)
       -     352d        b                 a_swap
       -     3538       12         /home/guest/Documents/emsdk/upstream/emscripten/cache/sysroot/lib/wasm32-emscripten/libc-mt-debug.a(pthread_once.o):(__wake)
       -     3538       12                 __wake
       -     354a       28         /home/guest/Documents/emsdk/upstream/emscripten/cache/sysroot/lib/wasm32-emscripten/libc-mt-debug.a(pthread_once.o):(__pthread_once)
       -     354a       28                 __pthread_once
       -     354a       28                 pthread_once
       -     3572       11         /home/guest/Documents/emsdk/upstream/emscripten/cache/sysroot/lib/wasm32-emscripten/libc-mt-debug.a(pthread_once.o):(a_barrier)
       -     3572       11                 a_barrier
       -     3583       6e         /home/guest/Documents/emsdk/upstream/emscripten/cache/sysroot/lib/wasm32-emscripten/libc-mt-debug.a(pthread_cond_destroy.o):(pthread_cond_destroy)
       -     3583       6e                 pthread_cond_destroy
       -     35f1       10         /home/guest/Documents/emsdk/upstream/emscripten/cache/sysroot/lib/wasm32-emscripten/libc-mt-debug.a(pthread_cond_destroy.o):(a_or)
       -     35f1       10                 a_or
       -     3601        c         /home/guest/Documents/emsdk/upstream/emscripten/cache/sysroot/lib/wasm32-emscripten/libc-mt-debug.a(pthread_cond_destroy.o):(a_inc)
       -     3601        c                 a_inc
       -     360d       12         /home/guest/Documents/emsdk/upstream/emscripten/cache/sysroot/lib/wasm32-emscripten/libc-mt-debug.a(pthread_cond_destroy.o):(__wake)
       -     360d       12                 __wake
       -     361f       4c         /home/guest/Documents/emsdk/upstream/emscripten/cache/sysroot/lib/wasm32-emscripten/libc-mt-debug.a(pthread_rwlock_tryrdlock.o):(__pthread_rwlock_tryrdlock)
       -     361f       4c                 __pthread_rwlock_tryrdlock
       -     361f       4c                 pthread_rwlock_tryrdlock
       -     366b        d         /home/guest/Documents/emsdk/upstream/emscripten/cache/sysroot/lib/wasm32-emscripten/libc-mt-debug.a(pthread_rwlock_tryrdlock.o):(a_cas)
       -     366b        d                 a_cas
       -     3678       c4         /home/guest/Documents/emsdk/upstream/emscripten/cache/sysroot/lib/wasm32-emscripten/libc-mt-debug.a(pthread_rwlock_timedrdlock.o):(__pthread_rwlock_timedrdlock)
       -     3678       c4                 __pthread_rwlock_timedrdlock
       -     3678       c4                 pthread_rwlock_timedrdlock
       -     373c        c         /home/guest/Documents/emsdk/upstream/emscripten/cache/sysroot/lib/wasm32-emscripten/libc-mt-debug.a(pthread_rwlock_timedrdlock.o):(a_inc)
       -     373c        c                 a_inc
       -     3748        e         /home/guest/Documents/emsdk/upstream/emscripten/cache/sysroot/lib/wasm32-emscripten/libc-mt-debug.a(pthread_rwlock_timedrdlock.o):(a_cas)
       -     3748        e                 a_cas
       -     3756        c         /home/guest/Documents/emsdk/upstream/emscripten/cache/sysroot/lib/wasm32-emscripten/libc-mt-debug.a(pthread_rwlock_timedrdlock.o):(a_dec)
       -     3756        c                 a_dec
       -     3762        d         /home/guest/Documents/emsdk/upstream/emscripten/cache/sysroot/lib/wasm32-emscripten/libc-mt-debug.a(pthread_rwlock_rdlock.o):(__pthread_rwlock_rdlock)
       -     3762        d                 __pthread_rwlock_rdlock
       -     3762        d                 pthread_rwlock_rdlock
       -     376f       87         /home/guest/Documents/emsdk/upstream/emscripten/cache/sysroot/lib/wasm32-emscripten/libc-mt-debug.a(pthread_rwlock_unlock.o):(__pthread_rwlock_unlock)
       -     376f       87                 __pthread_rwlock_unlock
       -     376f       87                 pthread_rwlock_unlock
       -     37f6        d         /home/guest/Documents/emsdk/upstream/emscripten/cache/sysroot/lib/wasm32-emscripten/libc-mt-debug.a(pthread_rwlock_unlock.o):(a_cas)
       -     37f6        d                 a_cas
       -     3803        e         /home/guest/Documents/emsdk/upstream/emscripten/cache/sysroot/lib/wasm32-emscripten/libc-mt-debug.a(pthread_rwlock_unlock.o):(__wake)
       -     3803        e                 __wake
       -     3811       2a         /home/guest/Documents/emsdk/upstream/emscripten/cache/sysroot/lib/wasm32-emscripten/libc-mt-debug.a(pthread_rwlock_trywrlock.o):(__pthread_rwlock_trywrlock)
       -     3811       2a                 __pthread_rwlock_trywrlock
       -     3811       2a                 pthread_rwlock_trywrlock
       -     383b       11         /home/guest/Documents/emsdk/upstream/emscripten/cache/sysroot/lib/wasm32-emscripten/libc-mt-debug.a(pthread_rwlock_trywrlock.o):(a_cas)
       -     383b       11                 a_cas
       -     384c       e9         /home/guest/Documents/emsdk/upstream/emscripten/cache/sysroot/lib/wasm32-emscripten/libc-mt-debug.a(pthread_rwlock_timedwrlock.o):(__pthread_rwlock_timedwrlock)
       -     384c       e9                 __pthread_rwlock_timedwrlock
       -     384c       e9                 pthread_rwlock_timedwrlock
       -     3935        c         /home/guest/Documents/emsdk/upstream/emscripten/cache/sysroot/lib/wasm32-emscripten/libc-mt-debug.a(pthread_rwlock_timedwrlock.o):(a_inc)
       -     3935        c                 a_inc
       -     3941        e         /home/guest/Documents/emsdk/upstream/emscripten/cache/sysroot/lib/wasm32-emscripten/libc-mt-debug.a(pthread_rwlock_timedwrlock.o):(a_cas)
       -     3941        e                 a_cas
       -     394f        c         /home/guest/Documents/emsdk/upstream/emscripten/cache/sysroot/lib/wasm32-emscripten/libc-mt-debug.a(pthread_rwlock_timedwrlock.o):(a_dec)
       -     394f        c                 a_dec
       -     395b        d         /home/guest/Documents/emsdk/upstream/emscripten/cache/sysroot/lib/wasm32-emscripten/libc-mt-debug.a(pthread_rwlock_wrlock.o):(__pthread_rwlock_wrlock)
       -     395b        d                 __pthread_rwlock_wrlock
       -     395b        d                 pthread_rwlock_wrlock
       -     3968       a6         /home/guest/Documents/emsdk/upstream/emscripten/cache/sysroot/lib/wasm32-emscripten/libc-mt-debug.a(pthread_key_create.o):(__pthread_key_create)
       -     3968       a6                 __pthread_key_create
       -     3968       a6                 pthread_key_create
       -     3a0e        3         /home/guest/Documents/emsdk/upstream/emscripten/cache/sysroot/lib/wasm32-emscripten/libc-mt-debug.a(pthread_key_create.o):(nodtor)
       -     3a0e        3                 nodtor
       -     3a11       e4         /home/guest/Documents/emsdk/upstream/emscripten/cache/sysroot/lib/wasm32-emscripten/libc-mt-debug.a(pthread_key_create.o):(__pthread_tsd_run_dtors)
       -     3a11       e4                 __pthread_tsd_run_dtors
       -     3af5        9         /home/guest/Documents/emsdk/upstream/emscripten/cache/sysroot/lib/wasm32-emscripten/libc-mt-debug.a(proxying.o):(emscripten_proxy_get_system_queue)
       -     3af5        9                 emscripten_proxy_get_system_queue
       -     3afe       d3         /home/guest/Documents/emsdk/upstream/emscripten/cache/sysroot/lib/wasm32-emscripten/libc-mt-debug.a(proxying.o):(emscripten_proxy_execute_queue)
       -     3afe       d3                 emscripten_proxy_execute_queue
       -     3bd1       4d         /home/guest/Documents/emsdk/upstream/emscripten/cache/sysroot/lib/wasm32-emscripten/libc-mt-debug.a(proxying.o):(get_tasks_for_thread)
       -     3bd1       4d                 get_tasks_for_thread
       -     3c1e       66         /home/guest/Documents/emsdk/upstream/emscripten/cache/sysroot/lib/wasm32-emscripten/libc-mt-debug.a(proxying.o):(emscripten_proxy_async)
       -     3c1e       66                 emscripten_proxy_async
       -     3c84       9d         /home/guest/Documents/emsdk/upstream/emscripten/cache/sysroot/lib/wasm32-emscripten/libc-mt-debug.a(proxying.o):(do_proxy)
       -     3c84       9d                 do_proxy
       -     3d21       8a         /home/guest/Documents/emsdk/upstream/emscripten/cache/sysroot/lib/wasm32-emscripten/libc-mt-debug.a(proxying.o):(get_or_add_tasks_for_thread)
       -     3d21       8a                 get_or_add_tasks_for_thread
       -     3dab       cc         /home/guest/Documents/emsdk/upstream/emscripten/cache/sysroot/lib/wasm32-emscripten/libc-mt-debug.a(proxying.o):(emscripten_proxy_finish)
       -     3dab       cc                 emscripten_proxy_finish
       -     3e77       ec         /home/guest/Documents/emsdk/upstream/emscripten/cache/sysroot/lib/wasm32-emscripten/libc-mt-debug.a(proxying.o):(remove_active_ctx)
       -     3e77       ec                 remove_active_ctx
       -     3f63       13         /home/guest/Documents/emsdk/upstream/emscripten/cache/sysroot/lib/wasm32-emscripten/libc-mt-debug.a(proxying.o):(free_ctx)
       -     3f63       13                 free_ctx
       -     3f76       20         /home/guest/Documents/emsdk/upstream/emscripten/cache/sysroot/lib/wasm32-emscripten/libc-mt-debug.a(proxying.o):(call_callback_then_free_ctx)
       -     3f76       20                 call_callback_then_free_ctx
       -     3f96       25         /home/guest/Documents/emsdk/upstream/emscripten/cache/sysroot/lib/wasm32-emscripten/libc-mt-debug.a(proxying.o):(em_proxying_ctx_deinit)
       -     3f96       25                 em_proxying_ctx_deinit
       -     3fbb      111         /home/guest/Documents/emsdk/upstream/emscripten/cache/sysroot/lib/wasm32-emscripten/libc-mt-debug.a(proxying.o):(emscripten_proxy_sync_with_ctx)
       -     3fbb      111                 emscripten_proxy_sync_with_ctx
       -     40cc       a5         /home/guest/Documents/emsdk/upstream/emscripten/cache/sysroot/lib/wasm32-emscripten/libc-mt-debug.a(proxying.o):(em_proxying_ctx_init_sync)
       -     40cc       a5                 em_proxying_ctx_init_sync
       -     4171       c7         /home/guest/Documents/emsdk/upstream/emscripten/cache/sysroot/lib/wasm32-emscripten/libc-mt-debug.a(proxying.o):(cancel_ctx)
       -     4171       c7                 cancel_ctx
       -     4238       22         /home/guest/Documents/emsdk/upstream/emscripten/cache/sysroot/lib/wasm32-emscripten/libc-mt-debug.a(proxying.o):(call_with_ctx)
       -     4238       22                 call_with_ctx
       -     425a       37         /home/guest/Documents/emsdk/upstream/emscripten/cache/sysroot/lib/wasm32-emscripten/libc-mt-debug.a(proxying.o):(init_active_ctxs)
       -     425a       37                 init_active_ctxs
       -     4291       84         /home/guest/Documents/emsdk/upstream/emscripten/cache/sysroot/lib/wasm32-emscripten/libc-mt-debug.a(proxying.o):(add_active_ctx)
       -     4291       84                 add_active_ctx
       -     4315       20         /home/guest/Documents/emsdk/upstream/emscripten/cache/sysroot/lib/wasm32-emscripten/libc-mt-debug.a(proxying.o):(call_cancel_then_free_ctx)
       -     4315       20                 call_cancel_then_free_ctx
       -     4335       4f         /home/guest/Documents/emsdk/upstream/emscripten/cache/sysroot/lib/wasm32-emscripten/libc-mt-debug.a(proxying.o):(emscripten_proxy_sync)
       -     4335       4f                 emscripten_proxy_sync
       -     4384       20         /home/guest/Documents/emsdk/upstream/emscripten/cache/sysroot/lib/wasm32-emscripten/libc-mt-debug.a(proxying.o):(call_then_finish_task)
       -     4384       20                 call_then_finish_task
       -     43a4      155         /home/guest/Documents/emsdk/upstream/emscripten/cache/sysroot/lib/wasm32-emscripten/libc-mt-debug.a(proxying.o):(_emscripten_run_on_main_thread_js)
       -     43a4      155                 _emscripten_run_on_main_thread_js
       -     44f9       47         /home/guest/Documents/emsdk/upstream/emscripten/cache/sysroot/lib/wasm32-emscripten/libc-mt-debug.a(proxying.o):(run_js_func)
       -     44f9       47                 run_js_func
       -     4540       38         /home/guest/Documents/emsdk/upstream/emscripten/cache/sysroot/lib/wasm32-emscripten/libc-mt-debug.a(proxying.o):(cancel_active_ctxs)
       -     4540       38                 cancel_active_ctxs
       -     4578       93         /home/guest/Documents/emsdk/upstream/emscripten/cache/sysroot/lib/wasm32-emscripten/libc-mt-debug.a(library_pthread.o):(emscripten_thread_sleep)
       -     4578       93                 emscripten_thread_sleep
       -     460b        f         /home/guest/Documents/emsdk/upstream/emscripten/cache/sysroot/lib/wasm32-emscripten/libc-mt-debug.a(library_pthread.o):(emscripten_current_thread_process_queued_calls)
       -     460b        f                 emscripten_current_thread_process_queued_calls
       -     461a        9         /home/guest/Documents/emsdk/upstream/emscripten/cache/sysroot/lib/wasm32-emscripten/libc-mt-debug.a(library_pthread.o):(emscripten_main_runtime_thread_id)
       -     461a        9                 emscripten_main_runtime_thread_id
       -     4623       30         /home/guest/Documents/emsdk/upstream/emscripten/cache/sysroot/lib/wasm32-emscripten/libc-mt-debug.a(library_pthread.o):(emscripten_main_thread_process_queued_calls)
       -     4623       30                 emscripten_main_thread_process_queued_calls
       -     4653       cf         /home/guest/Documents/emsdk/upstream/emscripten/cache/sysroot/lib/wasm32-emscripten/libc-mt-debug.a(library_pthread.o):(_emscripten_init_main_thread)
       -     4653       cf                 _emscripten_init_main_thread
       -     4722       d1         /home/guest/Documents/emsdk/upstream/emscripten/cache/sysroot/lib/wasm32-emscripten/libc-mt-debug.a(clock_nanosleep.o):(__clock_nanosleep)
       -     4722       d1                 __clock_nanosleep
       -     4722       d1                 clock_nanosleep
       -     47f3       1a         /home/guest/Documents/emsdk/upstream/emscripten/cache/sysroot/lib/wasm32-emscripten/libc-mt-debug.a(nanosleep.o):(nanosleep)
       -     47f3       1a                 nanosleep
       -     480d       4a         /home/guest/Documents/emsdk/upstream/emscripten/cache/sysroot/lib/wasm32-emscripten/libc-mt-debug.a(sleep.o):(sleep)
       -     480d       4a                 sleep
       -     4857       3a         /home/guest/Documents/emsdk/upstream/emscripten/cache/sysroot/lib/wasm32-emscripten/libc-mt-debug.a(snprintf.o):(snprintf)
       -     4857       3a                 snprintf
       -     4891      183         /home/guest/Documents/emsdk/upstream/emscripten/cache/sysroot/lib/wasm32-emscripten/libc-mt-debug.a(__stdio_write.o):(__stdio_write)
       -     4891      183                 __stdio_write
       -     4a14        5         /home/guest/Documents/emsdk/upstream/emscripten/cache/sysroot/lib/wasm32-emscripten/libc-mt-debug.a(stdout.o):(__emscripten_stdout_close)
       -     4a14        5                 __emscripten_stdout_close
       -     4a19        5         /home/guest/Documents/emsdk/upstream/emscripten/cache/sysroot/lib/wasm32-emscripten/libc-mt-debug.a(stdout.o):(__emscripten_stdout_seek)
       -     4a19        5                 __emscripten_stdout_seek
       -     4a1e       fd         /home/guest/Documents/emsdk/upstream/emscripten/cache/sysroot/lib/wasm32-emscripten/libc-mt-debug.a(strchrnul.o):(__strchrnul)
       -     4a1e       fd                 __strchrnul
       -     4a1e       fd                 strchrnul
       -     4b1b       2e         /home/guest/Documents/emsdk/upstream/emscripten/cache/sysroot/lib/wasm32-emscripten/libc-mt-debug.a(strdup.o):(strdup)
       -     4b1b       2e                 strdup
       -     4b49       22         /home/guest/Documents/emsdk/upstream/emscripten/cache/sysroot/lib/wasm32-emscripten/libc-mt-debug.a(strerror.o):(__strerror_l)
       -     4b49       22                 __strerror_l
       -     4b49       22                 strerror_l
       -     4b6b        d         /home/guest/Documents/emsdk/upstream/emscripten/cache/sysroot/lib/wasm32-emscripten/libc-mt-debug.a(strerror.o):(strerror)
       -     4b6b        d                 strerror
       -     4b78       89         /home/guest/Documents/emsdk/upstream/emscripten/cache/sysroot/lib/wasm32-emscripten/libc-mt-debug.a(strlen.o):(strlen)
       -     4b78       89                 strlen
       -     4c01       76         /home/guest/Documents/emsdk/upstream/emscripten/cache/sysroot/lib/wasm32-emscripten/libc-mt-debug.a(strncmp.o):(strncmp)
       -     4c01       76                 strncmp
       -     4c77       1e         /home/guest/Documents/emsdk/upstream/emscripten/cache/sysroot/lib/wasm32-emscripten/libc-mt-debug.a(strchr.o):(strchr)
       -     4c77       1e                 strchr
       -     4c95       88         /home/guest/Documents/emsdk/upstream/emscripten/cache/sysroot/lib/wasm32-emscripten/libc-mt-debug.a(memcmp.o):(memcmp)
       -     4c95       88                 memcmp
       -     4d1d       eb         /home/guest/Documents/emsdk/upstream/emscripten/cache/sysroot/lib/wasm32-emscripten/libc-mt-debug.a(memchr.o):(memchr)
       -     4d1d       eb                 memchr
       -     4e08       9d         /home/guest/Documents/emsdk/upstream/emscripten/cache/sysroot/lib/wasm32-emscripten/libc-mt-debug.a(strstr.o):(strstr)
       -     4e08       9d                 strstr
       -     4ea5       78         /home/guest/Documents/emsdk/upstream/emscripten/cache/sysroot/lib/wasm32-emscripten/libc-mt-debug.a(strstr.o):(twobyte_strstr)
       -     4ea5       78                 twobyte_strstr
       -     4f1d       9a         /home/guest/Documents/emsdk/upstream/emscripten/cache/sysroot/lib/wasm32-emscripten/libc-mt-debug.a(strstr.o):(threebyte_strstr)
       -     4f1d       9a                 threebyte_strstr
       -     4fb7       ac         /home/guest/Documents/emsdk/upstream/emscripten/cache/sysroot/lib/wasm32-emscripten/libc-mt-debug.a(strstr.o):(fourbyte_strstr)
       -     4fb7       ac                 fourbyte_strstr
       -     5063      398         /home/guest/Documents/emsdk/upstream/emscripten/cache/sysroot/lib/wasm32-emscripten/libc-mt-debug.a(strstr.o):(twoway_strstr)
       -     5063      398                 twoway_strstr
       -     53fb       22         /home/guest/Documents/emsdk/upstream/emscripten/cache/sysroot/lib/wasm32-emscripten/libc-mt-debug.a(syscall_ret.o):(__syscall_ret)
       -     53fb       22                 __syscall_ret
       -     541d       38         /home/guest/Documents/emsdk/upstream/emscripten/cache/sysroot/lib/wasm32-emscripten/libc-mt-debug.a(thread_mailbox.o):(emscripten_thread_mailbox_ref)
       -     541d       38                 emscripten_thread_mailbox_ref
       -     5455       50         /home/guest/Documents/emsdk/upstream/emscripten/cache/sysroot/lib/wasm32-emscripten/libc-mt-debug.a(thread_mailbox.o):(emscripten_thread_mailbox_unref)
       -     5455       50                 emscripten_thread_mailbox_unref
       -     54a5       a9         /home/guest/Documents/emsdk/upstream/emscripten/cache/sysroot/lib/wasm32-emscripten/libc-mt-debug.a(thread_mailbox.o):(_emscripten_thread_mailbox_shutdown)
       -     54a5       a9                 _emscripten_thread_mailbox_shutdown
       -     554e       21         /home/guest/Documents/emsdk/upstream/emscripten/cache/sysroot/lib/wasm32-emscripten/libc-mt-debug.a(thread_mailbox.o):(_emscripten_thread_mailbox_init)
       -     554e       21                 _emscripten_thread_mailbox_init
       -     556f       54         /home/guest/Documents/emsdk/upstream/emscripten/cache/sysroot/lib/wasm32-emscripten/libc-mt-debug.a(thread_mailbox.o):(_emscripten_check_mailbox)
       -     556f       54                 _emscripten_check_mailbox
       -     55c3       f1         /home/guest/Documents/emsdk/upstream/emscripten/cache/sysroot/lib/wasm32-emscripten/libc-mt-debug.a(thread_mailbox.o):(emscripten_thread_mailbox_send)
       -     55c3       f1                 emscripten_thread_mailbox_send
       -     56b4      174         /home/guest/Documents/emsdk/upstream/emscripten/cache/sysroot/lib/wasm32-emscripten/libc-mt-debug.a(emscripten_memset.o):(__memset)
       -     56b4      174                 __memset
       -     56b4      174                 emscripten_builtin_memset
       -     56b4      174                 memset
       -     5828      106         /home/guest/Documents/emsdk/upstream/emscripten/cache/sysroot/lib/wasm32-emscripten/libc-mt-debug.a(stpncpy.o):(__stpncpy)
       -     5828      106                 __stpncpy
       -     5828      106                 stpncpy
       -     592e       12         /home/guest/Documents/emsdk/upstream/emscripten/cache/sysroot/lib/wasm32-emscripten/libc-mt-debug.a(strncpy.o):(strncpy)
       -     592e       12                 strncpy
       -     5940       6c         /home/guest/Documents/emsdk/upstream/emscripten/cache/sysroot/lib/wasm32-emscripten/libc-mt-debug.a(thread_profiler.o):(_emscripten_thread_profiler_init)
       -     5940       6c                 _emscripten_thread_profiler_init
       -     59ac        d         /home/guest/Documents/emsdk/upstream/emscripten/cache/sysroot/lib/wasm32-emscripten/libc-mt-debug.a(thread_profiler.o):(emscripten_conditional_set_current_thread_status)
       -     59ac        d                 emscripten_conditional_set_current_thread_status
       -     59b9       8d         /home/guest/Documents/emsdk/upstream/emscripten/cache/sysroot/lib/wasm32-emscripten/libc-mt-debug.a(thread_profiler.o):(set_status_conditional)
       -     59b9       8d                 set_status_conditional
       -     5a46        d         /home/guest/Documents/emsdk/upstream/emscripten/cache/sysroot/lib/wasm32-emscripten/libc-mt-debug.a(thread_profiler.o):(emscripten_set_current_thread_status)
       -     5a46        d                 emscripten_set_current_thread_status
       -     5a53       2c         /home/guest/Documents/emsdk/upstream/emscripten/cache/sysroot/lib/wasm32-emscripten/libc-mt-debug.a(thread_profiler.o):(_emscripten_thread_profiler_enable)
       -     5a53       2c                 _emscripten_thread_profiler_enable
       -     5a7f       27         /home/guest/Documents/emsdk/upstream/emscripten/cache/sysroot/lib/wasm32-emscripten/libc-mt-debug.a(thread_profiler.o):(emscripten_set_thread_name)
       -     5a7f       27                 emscripten_set_thread_name
       -     5aa6       d6         /home/guest/Documents/emsdk/upstream/emscripten/cache/sysroot/lib/wasm32-emscripten/libc-mt-debug.a(unsetenv.o):(unsetenv)
       -     5aa6       d6                 unsetenv
       -     5b7c       ae         /home/guest/Documents/emsdk/upstream/emscripten/cache/sysroot/lib/wasm32-emscripten/libc-mt-debug.a(__lockfile.o):(__lockfile)
       -     5b7c       ae                 __lockfile
       -     5c2a        d         /home/guest/Documents/emsdk/upstream/emscripten/cache/sysroot/lib/wasm32-emscripten/libc-mt-debug.a(__lockfile.o):(a_cas)
       -     5c2a        d                 a_cas
       -     5c37       11         /home/guest/Documents/emsdk/upstream/emscripten/cache/sysroot/lib/wasm32-emscripten/libc-mt-debug.a(__lockfile.o):(__futexwait)
       -     5c37       11                 __futexwait
       -     5c48       26         /home/guest/Documents/emsdk/upstream/emscripten/cache/sysroot/lib/wasm32-emscripten/libc-mt-debug.a(__lockfile.o):(__unlockfile)
       -     5c48       26                 __unlockfile
       -     5c6e        b         /home/guest/Documents/emsdk/upstream/emscripten/cache/sysroot/lib/wasm32-emscripten/libc-mt-debug.a(__lockfile.o):(a_swap)
       -     5c6e        b                 a_swap
       -     5c79        e         /home/guest/Documents/emsdk/upstream/emscripten/cache/sysroot/lib/wasm32-emscripten/libc-mt-debug.a(__lockfile.o):(__wake)
       -     5c79        e                 __wake
       -     5c87       d7         /home/guest/Documents/emsdk/upstream/emscripten/cache/sysroot/lib/wasm32-emscripten/libc-mt-debug.a(__lock.o):(__lock)
       -     5c87       d7                 __lock
       -     5d5e        d         /home/guest/Documents/emsdk/upstream/emscripten/cache/sysroot/lib/wasm32-emscripten/libc-mt-debug.a(__lock.o):(a_cas)
       -     5d5e        d                 a_cas
       -     5d6b        b         /home/guest/Documents/emsdk/upstream/emscripten/cache/sysroot/lib/wasm32-emscripten/libc-mt-debug.a(__lock.o):(a_fetch_add)
       -     5d6b        b                 a_fetch_add
       -     5d76       11         /home/guest/Documents/emsdk/upstream/emscripten/cache/sysroot/lib/wasm32-emscripten/libc-mt-debug.a(__lock.o):(__futexwait)
       -     5d76       11                 __futexwait
       -     5d87       2f         /home/guest/Documents/emsdk/upstream/emscripten/cache/sysroot/lib/wasm32-emscripten/libc-mt-debug.a(__lock.o):(__unlock)
       -     5d87       2f                 __unlock
       -     5db6        e         /home/guest/Documents/emsdk/upstream/emscripten/cache/sysroot/lib/wasm32-emscripten/libc-mt-debug.a(__lock.o):(__wake)
       -     5db6        e                 __wake
       -     5dc4       15         /home/guest/Documents/emsdk/upstream/emscripten/cache/sysroot/lib/wasm32-emscripten/libc-mt-debug.a(ofl.o):(__ofl_lock)
       -     5dc4       15                 __ofl_lock
       -     5dd9        f         /home/guest/Documents/emsdk/upstream/emscripten/cache/sysroot/lib/wasm32-emscripten/libc-mt-debug.a(ofl.o):(__ofl_unlock)
       -     5dd9        f                 __ofl_unlock
       -     5de8       5d         /home/guest/Documents/emsdk/upstream/emscripten/cache/sysroot/lib/wasm32-emscripten/libc-mt-debug.a(__towrite.o):(__towrite)
       -     5de8       5d                 __towrite
       -     5e45       1b         /home/guest/Documents/emsdk/upstream/emscripten/cache/sysroot/lib/wasm32-emscripten/libc-mt-debug.a(strnlen.o):(strnlen)
       -     5e45       1b                 strnlen
       -     5e60       94         /home/guest/Documents/emsdk/upstream/emscripten/cache/sysroot/lib/wasm32-emscripten/libc-mt-debug.a(frexp.o):(frexp)
       -     5e60       94                 frexp
       -     5ef4       e8         /home/guest/Documents/emsdk/upstream/emscripten/cache/sysroot/lib/wasm32-emscripten/libc-mt-debug.a(fwrite.o):(__fwritex)
       -     5ef4       e8                 __fwritex
       -     5fdc      19d         /home/guest/Documents/emsdk/upstream/emscripten/cache/sysroot/lib/wasm32-emscripten/libc-mt-debug.a(vfprintf.o):(__vfprintf_internal)
       -     5fdc      19d                 __vfprintf_internal
       -     6179      a15         /home/guest/Documents/emsdk/upstream/emscripten/cache/sysroot/lib/wasm32-emscripten/libc-mt-debug.a(vfprintf.o):(printf_core)
       -     6179      a15                 printf_core
       -     6b8e       1d         /home/guest/Documents/emsdk/upstream/emscripten/cache/sysroot/lib/wasm32-emscripten/libc-mt-debug.a(vfprintf.o):(out)
       -     6b8e       1d                 out
       -     6bab       7c         /home/guest/Documents/emsdk/upstream/emscripten/cache/sysroot/lib/wasm32-emscripten/libc-mt-debug.a(vfprintf.o):(getint)
       -     6bab       7c                 getint
       -     6c27      240         /home/guest/Documents/emsdk/upstream/emscripten/cache/sysroot/lib/wasm32-emscripten/libc-mt-debug.a(vfprintf.o):(pop_arg)
       -     6c27      240                 pop_arg
       -     6e67       41         /home/guest/Documents/emsdk/upstream/emscripten/cache/sysroot/lib/wasm32-emscripten/libc-mt-debug.a(vfprintf.o):(fmt_x)
       -     6e67       41                 fmt_x
       -     6ea8       37         /home/guest/Documents/emsdk/upstream/emscripten/cache/sysroot/lib/wasm32-emscripten/libc-mt-debug.a(vfprintf.o):(fmt_o)
       -     6ea8       37                 fmt_o
       -     6edf       8c         /home/guest/Documents/emsdk/upstream/emscripten/cache/sysroot/lib/wasm32-emscripten/libc-mt-debug.a(vfprintf.o):(fmt_u)
       -     6edf       8c                 fmt_u
       -     6f6b       86         /home/guest/Documents/emsdk/upstream/emscripten/cache/sysroot/lib/wasm32-emscripten/libc-mt-debug.a(vfprintf.o):(pad)
       -     6f6b       86                 pad
       -     6ff1       1b         /home/guest/Documents/emsdk/upstream/emscripten/cache/sysroot/lib/wasm32-emscripten/libc-mt-debug.a(vfprintf.o):(vfprintf)
       -     6ff1       1b                 vfprintf
       -     700c      ccc         /home/guest/Documents/emsdk/upstream/emscripten/cache/sysroot/lib/wasm32-emscripten/libc-mt-debug.a(vfprintf.o):(fmt_fp)
       -     700c      ccc                 fmt_fp
       -     7cd8       2f         /home/guest/Documents/emsdk/upstream/emscripten/cache/sysroot/lib/wasm32-emscripten/libc-mt-debug.a(vfprintf.o):(pop_arg_long_double)
       -     7cd8       2f                 pop_arg_long_double
       -     7d07        6         /home/guest/Documents/emsdk/upstream/emscripten/cache/sysroot/lib/wasm32-emscripten/libc-mt-debug.a(vfprintf.o):(__DOUBLE_BITS)
       -     7d07        6                 __DOUBLE_BITS
       -     7d0d       a5         /home/guest/Documents/emsdk/upstream/emscripten/cache/sysroot/lib/wasm32-emscripten/libc-mt-debug.a(vsnprintf.o):(vsnprintf)
       -     7d0d       a5                 vsnprintf
       -     7db2       b8         /home/guest/Documents/emsdk/upstream/emscripten/cache/sysroot/lib/wasm32-emscripten/libc-mt-debug.a(vsnprintf.o):(sn_write)
       -     7db2       b8                 sn_write
       -     7e6a       1a         /home/guest/Documents/emsdk/upstream/emscripten/cache/sysroot/lib/wasm32-emscripten/libc-mt-debug.a(wasi-helpers.o):(__wasi_syscall_ret)
       -     7e6a       1a                 __wasi_syscall_ret
       -     7e84       2d         /home/guest/Documents/emsdk/upstream/emscripten/cache/sysroot/lib/wasm32-emscripten/libc-mt-debug.a(wasi-helpers.o):(__wasi_timestamp_to_timespec)
       -     7e84       2d                 __wasi_timestamp_to_timespec
       -     7eb1      12e         /home/guest/Documents/emsdk/upstream/emscripten/cache/sysroot/lib/wasm32-emscripten/libc-mt-debug.a(wcrtomb.o):(wcrtomb)
       -     7eb1      12e                 wcrtomb
       -     7fdf       19         /home/guest/Documents/emsdk/upstream/emscripten/cache/sysroot/lib/wasm32-emscripten/libc-mt-debug.a(wctomb.o):(wctomb)
       -     7fdf       19                 wctomb
       -     7ff8        a         /home/guest/Documents/emsdk/upstream/emscripten/cache/sysroot/lib/wasm32-emscripten/libc-mt-debug.a(abort.o):(abort)
       -     7ff8        a                 abort
       -     8002       1a         /home/guest/Documents/emsdk/upstream/emscripten/cache/sysroot/lib/wasm32-emscripten/libc-mt-debug.a(__stdio_close.o):(__stdio_close)
       -     8002       1a                 __stdio_close
       -     801c       4c         /home/guest/Documents/emsdk/upstream/emscripten/cache/sysroot/lib/wasm32-emscripten/libc-mt-debug.a(lseek.o):(__lseek)
       -     801c       4c                 __lseek
       -     801c       4c                 lseek
       -     8068       12         /home/guest/Documents/emsdk/upstream/emscripten/cache/sysroot/lib/wasm32-emscripten/libc-mt-debug.a(__stdio_seek.o):(__stdio_seek)
       -     8068       12                 __stdio_seek
       -     807a        c         /home/guest/Documents/emsdk/upstream/emscripten/cache/sysroot/lib/wasm32-emscripten/libc-mt-debug.a(pthread_mutexattr_init.o):(pthread_mutexattr_init)
       -     807a        c                 pthread_mutexattr_init
       -     8086       6b         /home/guest/Documents/emsdk/upstream/emscripten/cache/sysroot/lib/wasm32-emscripten/libc-mt-debug.a(pthread_mutex_init.o):(pthread_mutex_init)
       -     8086       6b                 pthread_mutex_init
       -     80f1        5         /home/guest/Documents/emsdk/upstream/emscripten/cache/sysroot/lib/wasm32-emscripten/libc-mt-debug.a(pthread_mutexattr_destroy.o):(pthread_mutexattr_destroy)
       -     80f1        5                 pthread_mutexattr_destroy
       -     80f6     1117         /home/guest/Documents/emsdk/upstream/emscripten/cache/sysroot/lib/wasm32-emscripten/libdlmalloc-mt-debug.a(dlmalloc.o):(emscripten_builtin_malloc)
       -     80f6     1117                 emscripten_builtin_malloc
       -     80f6     1117                 __libc_malloc
       -     80f6     1117                 malloc
       -     920d       c3         /home/guest/Documents/emsdk/upstream/emscripten/cache/sysroot/lib/wasm32-emscripten/libdlmalloc-mt-debug.a(dlmalloc.o):(init_mparams)
       -     920d       c3                 init_mparams
       -     92d0      2f6         /home/guest/Documents/emsdk/upstream/emscripten/cache/sysroot/lib/wasm32-emscripten/libdlmalloc-mt-debug.a(dlmalloc.o):(tmalloc_small)
       -     92d0      2f6                 tmalloc_small
       -     95c6      508         /home/guest/Documents/emsdk/upstream/emscripten/cache/sysroot/lib/wasm32-emscripten/libdlmalloc-mt-debug.a(dlmalloc.o):(prepend_alloc)
       -     95c6      508                 prepend_alloc
       -     9ace      803         /home/guest/Documents/emsdk/upstream/emscripten/cache/sysroot/lib/wasm32-emscripten/libdlmalloc-mt-debug.a(dlmalloc.o):(emscripten_builtin_free)
       -     9ace      803                 emscripten_builtin_free
       -     9ace      803                 __libc_free
       -     9ace      803                 free
       -     a2d1       e8         /home/guest/Documents/emsdk/upstream/emscripten/cache/sysroot/lib/wasm32-emscripten/libdlmalloc-mt-debug.a(dlmalloc.o):(emscripten_builtin_realloc)
       -     a2d1       e8                 emscripten_builtin_realloc
       -     a2d1       e8                 __libc_realloc
       -     a2d1       e8                 realloc
       -     a3b9      493         /home/guest/Documents/emsdk/upstream/emscripten/cache/sysroot/lib/wasm32-emscripten/libdlmalloc-mt-debug.a(dlmalloc.o):(try_realloc_chunk)
       -     a3b9      493                 try_realloc_chunk
       -     a84c       20         /home/guest/Documents/emsdk/upstream/emscripten/cache/sysroot/lib/wasm32-emscripten/libdlmalloc-mt-debug.a(dlmalloc.o):(emscripten_builtin_memalign)
       -     a84c       20                 emscripten_builtin_memalign
       -     a84c       20                 memalign
       -     a86c      1fa         /home/guest/Documents/emsdk/upstream/emscripten/cache/sysroot/lib/wasm32-emscripten/libdlmalloc-mt-debug.a(dlmalloc.o):(internal_memalign)
       -     a86c      1fa                 internal_memalign
       -     aa66      773         /home/guest/Documents/emsdk/upstream/emscripten/cache/sysroot/lib/wasm32-emscripten/libdlmalloc-mt-debug.a(dlmalloc.o):(dispose_chunk)
       -     aa66      773                 dispose_chunk
       -     b1d9        8         /home/guest/Documents/emsdk/upstream/emscripten/cache/sysroot/lib/wasm32-emscripten/libc-mt-debug.a(emscripten_get_heap_size.o):(emscripten_get_heap_size)
       -     b1d9        8                 emscripten_get_heap_size
       -     b1e1       70         /home/guest/Documents/emsdk/upstream/emscripten/cache/sysroot/lib/wasm32-emscripten/libdlmalloc-mt-debug.a(sbrk.o):(sbrk)
       -     b1e1       70                 sbrk
       -     b251       21         /home/guest/Documents/emsdk/upstream/emscripten/cache/sysroot/lib/wasm32-emscripten/libcompiler_rt-mt.a(stack_limits.o):(emscripten_stack_init)
       -     b251       21                 emscripten_stack_init
       -     b272       13         /home/guest/Documents/emsdk/upstream/emscripten/cache/sysroot/lib/wasm32-emscripten/libcompiler_rt-mt.a(stack_limits.o):(emscripten_stack_set_limits)
       -     b272       13                 emscripten_stack_set_limits
       -     b285       10         /home/guest/Documents/emsdk/upstream/emscripten/cache/sysroot/lib/wasm32-emscripten/libcompiler_rt-mt.a(stack_limits.o):(emscripten_stack_get_free)
       -     b285       10                 emscripten_stack_get_free
       -     b295        9         /home/guest/Documents/emsdk/upstream/emscripten/cache/sysroot/lib/wasm32-emscripten/libcompiler_rt-mt.a(stack_limits.o):(emscripten_stack_get_base)
       -     b295        9                 emscripten_stack_get_base
       -     b29e        9         /home/guest/Documents/emsdk/upstream/emscripten/cache/sysroot/lib/wasm32-emscripten/libcompiler_rt-mt.a(stack_limits.o):(emscripten_stack_get_end)
       -     b29e        9                 emscripten_stack_get_end
       -     b2a7       54         /home/guest/Documents/emsdk/upstream/emscripten/cache/sysroot/lib/wasm32-emscripten/libcompiler_rt-mt.a(ashlti3.o):(__ashlti3)
       -     b2a7       54                 __ashlti3
       -     b2fb       54         /home/guest/Documents/emsdk/upstream/emscripten/cache/sysroot/lib/wasm32-emscripten/libcompiler_rt-mt.a(lshrti3.o):(__lshrti3)
       -     b2fb       54                 __lshrti3
       -     b34f      21d         /home/guest/Documents/emsdk/upstream/emscripten/cache/sysroot/lib/wasm32-emscripten/libcompiler_rt-mt.a(trunctfdf2.o):(__trunctfdf2)
       -     b34f      21d                 __trunctfdf2
       -     b56c       1c         /home/guest/Documents/emsdk/upstream/emscripten/cache/sysroot/lib/wasm32-emscripten/libc-mt-debug.a(pthread_create.o):(__do_cleanup_push)
       -     b56c       1c                 __do_cleanup_push
       -     b588       15         /home/guest/Documents/emsdk/upstream/emscripten/cache/sysroot/lib/wasm32-emscripten/libc-mt-debug.a(pthread_create.o):(__do_cleanup_pop)
       -     b588       15                 __do_cleanup_pop
       -     b59d       7a         /home/guest/Documents/emsdk/upstream/emscripten/cache/sysroot/lib/wasm32-emscripten/libc-mt-debug.a(pthread_create.o):(__tl_lock)
       -     b59d       7a                 __tl_lock
       -     b617        d         /home/guest/Documents/emsdk/upstream/emscripten/cache/sysroot/lib/wasm32-emscripten/libc-mt-debug.a(pthread_create.o):(a_cas)
       -     b617        d                 a_cas
       -     b624       4c         /home/guest/Documents/emsdk/upstream/emscripten/cache/sysroot/lib/wasm32-emscripten/libc-mt-debug.a(pthread_create.o):(__tl_unlock)
       -     b624       4c                 __tl_unlock
       -     b670        b         /home/guest/Documents/emsdk/upstream/emscripten/cache/sysroot/lib/wasm32-emscripten/libc-mt-debug.a(pthread_create.o):(a_store)
       -     b670        b                 a_store
       -     b67b        e         /home/guest/Documents/emsdk/upstream/emscripten/cache/sysroot/lib/wasm32-emscripten/libc-mt-debug.a(pthread_create.o):(__wake)
       -     b67b        e                 __wake
       -     b689       61         /home/guest/Documents/emsdk/upstream/emscripten/cache/sysroot/lib/wasm32-emscripten/libc-mt-debug.a(pthread_create.o):(_emscripten_thread_free_data)
       -     b689       61                 _emscripten_thread_free_data
       -     b6ea      109         /home/guest/Documents/emsdk/upstream/emscripten/cache/sysroot/lib/wasm32-emscripten/libc-mt-debug.a(pthread_create.o):(_emscripten_thread_exit)
       -     b6ea      109                 _emscripten_thread_exit
       -     b7f3       46         /home/guest/Documents/emsdk/upstream/emscripten/cache/sysroot/lib/wasm32-emscripten/libc-mt-debug.a(pthread_create.o):(__run_cleanup_handlers)
       -     b7f3       46                 __run_cleanup_handlers
       -     b839       3f         /home/guest/Documents/emsdk/upstream/emscripten/cache/sysroot/lib/wasm32-emscripten/libc-mt-debug.a(emscripten_thread_init.o):(_emscripten_thread_init)
       -     b839       3f                 _emscripten_thread_init
       -     b878        b         /home/guest/Documents/emsdk/upstream/emscripten/cache/sysroot/lib/wasm32-emscripten/libcompiler_rt-mt.a(stack_ops.o):(_emscripten_stack_restore)
       -     b878        b                 _emscripten_stack_restore
       -     b883       1b         /home/guest/Documents/emsdk/upstream/emscripten/cache/sysroot/lib/wasm32-emscripten/libcompiler_rt-mt.a(stack_ops.o):(_emscripten_stack_alloc)
       -     b883       1b                 _emscripten_stack_alloc
       -     b89e        9         /home/guest/Documents/emsdk/upstream/emscripten/cache/sysroot/lib/wasm32-emscripten/libcompiler_rt-mt.a(stack_ops.o):(emscripten_stack_get_current)
       -     b89e        9                 emscripten_stack_get_current
       -     b8a7      17d         /home/guest/Documents/emsdk/upstream/emscripten/cache/sysroot/lib/wasm32-emscripten/libc-mt-debug.a(fflush.o):(fflush)
       -     b8a7      17d                 fflush
       -     b8a7      17d                 fflush_unlocked
       -     ba28     1458 DATA
   10000     ba29        8 .tdata
   10000     ba2b        4         /home/guest/Documents/emsdk/upstream/emscripten/cache/sysroot/lib/wasm32-emscripten/libc-mt-debug.a(__errno_location.o):(.tbss.__errno_storage)
       0     ba2b        4                 __errno_storage
   10004     ba2f        4         /home/guest/Documents/emsdk/upstream/emscripten/cache/sysroot/lib/wasm32-emscripten/libc-mt-debug.a(proxying.o):(.tbss.emscripten_proxy_execute_queue.executing_system_queue)
       4     ba2f        4                 emscripten_proxy_execute_queue.executing_system_queue
   10010     ba33     12d0 .rodata
   10010     ba36      811         <internal>:(.rodata)
   10821     c247        b         ./obj_dedicated_main_linux32/release/main.o:(.rodata._ZZL17IsDebuggerPresentiE13tracerpid_str)
   10821     c247        b                 IsDebuggerPresent(int)::tracerpid_str
   1082c     c252        c         /home/guest/Documents/emsdk/upstream/emscripten/cache/sysroot/lib/wasm32-emscripten/libc-mt-debug.a(emscripten_futex_wait.o):(.rodata..Lswitch.table.emscripten_futex_wait)
   1082c     c252        c                 .Lswitch.table.emscripten_futex_wait
   10838     c25e      77a         /home/guest/Documents/emsdk/upstream/emscripten/cache/sysroot/lib/wasm32-emscripten/libc-mt-debug.a(strerror.o):(.rodata.errmsgstr)
   10838     c25e      77a                 errmsgstr
   10fc0     c9e6      134         /home/guest/Documents/emsdk/upstream/emscripten/cache/sysroot/lib/wasm32-emscripten/libc-mt-debug.a(strerror.o):(.rodata.errmsgidx)
   10fc0     c9e6      134                 errmsgidx
   11100     cb26      1d0         /home/guest/Documents/emsdk/upstream/emscripten/cache/sysroot/lib/wasm32-emscripten/libc-mt-debug.a(vfprintf.o):(.rodata.states)
   11100     cb26      1d0                 states
   112d0     ccf6       10         /home/guest/Documents/emsdk/upstream/emscripten/cache/sysroot/lib/wasm32-emscripten/libc-mt-debug.a(vfprintf.o):(.rodata.xdigits)
   112d0     ccf6       10                 xdigits
   112e0     cd06      174 .data
   112e0     cd09       3c         /home/guest/Documents/emsdk/upstream/emscripten/cache/sysroot/lib/wasm32-emscripten/libc-mt-debug.a(em_task_queue.o):(.data.zombie_list_head)
   112e0     cd09       3c                 zombie_list_head
   11320     cd49       90         /home/guest/Documents/emsdk/upstream/emscripten/cache/sysroot/lib/wasm32-emscripten/libc-mt-debug.a(stdout.o):(.data.__stdout_FILE)
   11320     cd49       90                 __stdout_FILE
   113b0     cdd9        4         /home/guest/Documents/emsdk/upstream/emscripten/cache/sysroot/lib/wasm32-emscripten/libc-mt-debug.a(stdout.o):(.data.__stdout_used)
   113b0     cdd9        4                 __stdout_used
   113b8     cde1       90         /home/guest/Documents/emsdk/upstream/emscripten/cache/sysroot/lib/wasm32-emscripten/libc-mt-debug.a(stderr.o):(.data.__stderr_FILE)
   113b8     cde1       90                 __stderr_FILE
   11448     ce71        4         /home/guest/Documents/emsdk/upstream/emscripten/cache/sysroot/lib/wasm32-emscripten/libc-mt-debug.a(stderr.o):(.data.__stderr_used)
   11448     ce71        4                 __stderr_used
   1144c     ce75        4         /home/guest/Documents/emsdk/upstream/emscripten/cache/sysroot/lib/wasm32-emscripten/libdlmalloc-mt-debug.a(sbrk.o):(.data.sbrk_val)
   1144c     ce75        4                 sbrk_val
   11450     ce79        4         /home/guest/Documents/emsdk/upstream/emscripten/cache/sysroot/lib/wasm32-emscripten/libc-mt-debug.a(default_attr.o):(.data.__default_stacksize)
   11450     ce79        4                 __default_stacksize
   11460     ba28      b88 .bss
   11460        0        4         /home/guest/Documents/emsdk/upstream/emscripten/cache/sysroot/lib/wasm32-emscripten/libc-mt-debug.a(dlerror.o):(.bss.freebuf_queue)
   11460        0        4                 freebuf_queue
   11464        0        4         /home/guest/Documents/emsdk/upstream/emscripten/cache/sysroot/lib/wasm32-emscripten/libc-mt-debug.a(__environ.o):(.bss.__environ)
   11464        0        4                 __environ
   11464        0        4                 ___environ
   11464        0        4                 _environ
   11464        0        4                 environ
   11468        0        4         /home/guest/Documents/emsdk/upstream/emscripten/cache/sysroot/lib/wasm32-emscripten/libc-mt-debug.a(putenv.o):(.bss.__putenv.oldenv)
   11468        0        4                 __putenv.oldenv
   1146c        0        4         /home/guest/Documents/emsdk/upstream/emscripten/cache/sysroot/lib/wasm32-emscripten/libc-mt-debug.a(emscripten_yield.o):(.bss.crashed_thread_id)
   1146c        0        4                 crashed_thread_id
   11470        0        4         /home/guest/Documents/emsdk/upstream/emscripten/cache/sysroot/lib/wasm32-emscripten/libc-mt-debug.a(emscripten_futex_wake.o):(.bss._emscripten_main_thread_futex)
   11470        0        4                 _emscripten_main_thread_futex
   11474        0        8         /home/guest/Documents/emsdk/upstream/emscripten/cache/sysroot/lib/wasm32-emscripten/libc-mt-debug.a(vmlock.o):(.bss.vmlock)
   11474        0        8                 vmlock
   1147c        0        4         /home/guest/Documents/emsdk/upstream/emscripten/cache/sysroot/lib/wasm32-emscripten/libc-mt-debug.a(__timedwait.o):(.bss.dummy)
   1147c        0        4                 __eintr_valid_flag
   1147c        0        4                 dummy
   11480        0      200         /home/guest/Documents/emsdk/upstream/emscripten/cache/sysroot/lib/wasm32-emscripten/libc-mt-debug.a(pthread_key_create.o):(.bss.__pthread_tsd_main)
   11480        0      200                 __pthread_tsd_main
   11680        0       20         /home/guest/Documents/emsdk/upstream/emscripten/cache/sysroot/lib/wasm32-emscripten/libc-mt-debug.a(pthread_key_create.o):(.bss.key_lock)
   11680        0       20                 key_lock
   116a0        0        4         /home/guest/Documents/emsdk/upstream/emscripten/cache/sysroot/lib/wasm32-emscripten/libc-mt-debug.a(pthread_key_create.o):(.bss.next_key)
   116a0        0        4                 next_key
   116b0        0      200         /home/guest/Documents/emsdk/upstream/emscripten/cache/sysroot/lib/wasm32-emscripten/libc-mt-debug.a(pthread_key_create.o):(.bss.keys)
   116b0        0      200                 keys
   118b0        0       24         /home/guest/Documents/emsdk/upstream/emscripten/cache/sysroot/lib/wasm32-emscripten/libc-mt-debug.a(proxying.o):(.bss.system_proxying_queue)
   118b0        0       24                 system_proxying_queue
   118d4        0        4         /home/guest/Documents/emsdk/upstream/emscripten/cache/sysroot/lib/wasm32-emscripten/libc-mt-debug.a(proxying.o):(.bss.active_ctxs)
   118d4        0        4                 active_ctxs
   118d8        0        4         /home/guest/Documents/emsdk/upstream/emscripten/cache/sysroot/lib/wasm32-emscripten/libc-mt-debug.a(proxying.o):(.bss.active_ctxs_once)
   118d8        0        4                 active_ctxs_once
   118dc        0       38         /home/guest/Documents/emsdk/upstream/emscripten/cache/sysroot/lib/wasm32-emscripten/libc-mt-debug.a(libc.o):(.bss.__libc)
   118dc        0       38                 __libc
   11914        0        4         /home/guest/Documents/emsdk/upstream/emscripten/cache/sysroot/lib/wasm32-emscripten/libc-mt-debug.a(library_pthread.o):(.bss.dummyZeroAddress)
   11914        0        4                 dummyZeroAddress
   11918        0       84         /home/guest/Documents/emsdk/upstream/emscripten/cache/sysroot/lib/wasm32-emscripten/libc-mt-debug.a(library_pthread.o):(.bss.__main_pthread)
   11918        0       84                 __main_pthread
   119a0        0      408         /home/guest/Documents/emsdk/upstream/emscripten/cache/sysroot/lib/wasm32-emscripten/libc-mt-debug.a(stdout.o):(.bss.buf)
   119a0        0      408                 buf
   11da8        0        1         /home/guest/Documents/emsdk/upstream/emscripten/cache/sysroot/lib/wasm32-emscripten/libc-mt-debug.a(thread_profiler.o):(.bss.enabled)
   11da8        0        1                 enabled
   11dac        0        4         /home/guest/Documents/emsdk/upstream/emscripten/cache/sysroot/lib/wasm32-emscripten/libc-mt-debug.a(ofl.o):(.bss.ofl_lock)
   11dac        0        4                 ofl_lock
   11db0        0        4         /home/guest/Documents/emsdk/upstream/emscripten/cache/sysroot/lib/wasm32-emscripten/libc-mt-debug.a(ofl.o):(.bss.ofl_head)
   11db0        0        4                 ofl_head
   11db4        0        8         /home/guest/Documents/emsdk/upstream/emscripten/cache/sysroot/lib/wasm32-emscripten/libc-mt-debug.a(stderr.o):(.bss.buf)
   11db4        0        8                 buf
   11dbc        0       18         /home/guest/Documents/emsdk/upstream/emscripten/cache/sysroot/lib/wasm32-emscripten/libdlmalloc-mt-debug.a(dlmalloc.o):(.bss.mparams)
   11dbc        0       18                 mparams
   11dd4        0      1f0         /home/guest/Documents/emsdk/upstream/emscripten/cache/sysroot/lib/wasm32-emscripten/libdlmalloc-mt-debug.a(dlmalloc.o):(.bss._gm_)
   11dd4        0      1f0                 _gm_
   11fc4        0       18         /home/guest/Documents/emsdk/upstream/emscripten/cache/sysroot/lib/wasm32-emscripten/libdlmalloc-mt-debug.a(dlmalloc.o):(.bss.malloc_global_mutex)
   11fc4        0       18                 malloc_global_mutex
   11fdc        0        4         /home/guest/Documents/emsdk/upstream/emscripten/cache/sysroot/lib/wasm32-emscripten/libc-mt-debug.a(pthread_create.o):(.bss.__thread_list_lock)
   11fdc        0        4                 __thread_list_lock
   11fe0        0        4         /home/guest/Documents/emsdk/upstream/emscripten/cache/sysroot/lib/wasm32-emscripten/libc-mt-debug.a(pthread_create.o):(.bss.tl_lock_count)
   11fe0        0        4                 tl_lock_count
   11fe4        0        4         /home/guest/Documents/emsdk/upstream/emscripten/cache/sysroot/lib/wasm32-emscripten/libc-mt-debug.a(pthread_create.o):(.bss.tl_lock_waiters)
   11fe4        0        4                 tl_lock_waiters
       -     ce80     98e4 CUSTOM(.debug_loc)
       -    16764     75cb CUSTOM(.debug_abbrev)
       -    1dd2f    1be82 CUSTOM(.debug_info)
       -    39bb1     1229 CUSTOM(.debug_ranges)
       -    3adda     5659 CUSTOM(.debug_str)
       -    40433     fdc5 CUSTOM(.debug_line)
       -    501f8       e2 CUSTOM(.debug_aranges)
       -    502da     16cc CUSTOM(name)
       -    519a6       8f CUSTOM(producers)
       -    51a35       a9 CUSTOM(target_features)
       -    51ade       1c CUSTOM(build_id)
